
> frontend@0.0.0 build
> tsc && vite build

vite v6.4.1 building for production...
transforming...
✓ 4 modules transformed.
✗ Build failed in 1.32s
error during build:
[vite:css] [postcss] /Users/thashmithaparani/project-management-assistant/frontend/src/index.css:26:5: The `shadow-[1px_0_0_0_rgba(0,` class does not exist. If `shadow-[1px_0_0_0_rgba(0,` is a custom class, make sure it is defined within a `@layer` directive.
file: /Users/thashmithaparani/project-management-assistant/frontend/src/index.css:26:4
    at Input.error (/Users/thashmithaparani/project-management-assistant/frontend/node_modules/postcss/lib/input.js:135:16)
    at AtRule.error (/Users/thashmithaparani/project-management-assistant/frontend/node_modules/postcss/lib/node.js:146:32)
    at processApply (/Users/thashmithaparani/project-management-assistant/frontend/node_modules/tailwindcss/lib/lib/expandApplyAtRules.js:380:29)
    at /Users/thashmithaparani/project-management-assistant/frontend/node_modules/tailwindcss/lib/lib/expandApplyAtRules.js:551:9
    at /Users/thashmithaparani/project-management-assistant/frontend/node_modules/tailwindcss/lib/processTailwindFeatures.js:55:50
    at async plugins (/Users/thashmithaparani/project-management-assistant/frontend/node_modules/tailwindcss/lib/plugin.js:38:17)
    at async LazyResult.runAsync (/Users/thashmithaparani/project-management-assistant/frontend/node_modules/postcss/lib/lazy-result.js:293:11)
    at async runPostCSS (file:///Users/thashmithaparani/project-management-assistant/frontend/node_modules/vite/dist/node/chunks/dep-D4NMHUTW.js:43853:21)
    at async compilePostCSS (file:///Users/thashmithaparani/project-management-assistant/frontend/node_modules/vite/dist/node/chunks/dep-D4NMHUTW.js:43823:18)
    at async compileCSS (file:///Users/thashmithaparani/project-management-assistant/frontend/node_modules/vite/dist/node/chunks/dep-D4NMHUTW.js:43678:27)
